Microchip MPLAB XC8 Compiler V1.40 ()

Linker command line:

-W-3 --edf=C:\Program Files (x86)\Microchip\xc8\v1.40\dat\en_msgs.txt -cs \
  -h+dist/default/production\Bustel_Card_v10.0_code_v1.7.1.X.production.sym \
  --cmf=dist/default/production\Bustel_Card_v10.0_code_v1.7.1.X.production.cmf \
  -z -Q16F886 -oC:\Users\tellw\AppData\Local\Temp\sfes.2 \
  -Mdist/default/production/Bustel_Card_v10.0_code_v1.7.1.X.production.map \
  -E1 -ver=XC8 -ASTACK=0110h-016fh -pstack=STACK -ACODE=00h-07FFhx4 \
  -ASTRCODE=00h-01FFFh -ASTRING=00h-0FFhx32 -ACONST=00h-0FFhx32 \
  -AENTRY=00h-0FFhx32 -ACOMMON=070h-07Fh -ABANK0=020h-06Fh \
  -ABANK1=0A0h-0EFh -ABANK2=0110h-016Fh -ABANK3=0190h-01EFh \
  -ARAM=020h-06Fh,0A0h-0EFh,0110h-016Fh,0190h-01EFh \
  -AABS1=020h-07Fh,0A0h-0EFh,0110h-016Fh,0190h-01EFh -ASFR0=00h-01Fh \
  -ASFR1=080h-09Fh -ASFR2=0100h-010Fh -ASFR3=0180h-018Fh \
  -preset_vec=00h,intentry=04h,init,end_init -ppowerup=CODE -pcinit=CODE \
  -pfunctab=CODE -ACONFIG=02007h-02008h -pconfig=CONFIG -DCONFIG=2 \
  -AIDLOC=02000h-02003h -pidloc=IDLOC -DIDLOC=2 -AEEDATA=00h-0FFh/02100h \
  -peeprom_data=EEDATA -DEEDATA=2 -DCODE=2 -DSTRCODE=2 -DSTRING=2 -DCONST=2 \
  -DENTRY=2 -k C:\Users\tellw\AppData\Local\Temp\sfes.obj \
  dist/default/production\Bustel_Card_v10.0_code_v1.7.1.X.production.obj 

Object code version is 3.11

Machine type is 16F886



                Name                               Link     Load   Length Selector   Space Scale
C:\Users\tellw\AppData\Local\Temp\sfes.obj
                end_init                             12       12        3        8       0
                reset_vec                             0        0        3        0       0
                config                             2007     2007        1     400E       0
dist/default/production\Bustel_Card_v10.0_code_v1.7.1.X.production.obj
                cinit                                15       15       33        8       0
                intentry                              4        4        E        8       0
                text39                              DF6      DF6       42     1BEC       0
                text38                              B7F      B7F        9     16FE       0
                text37                              515      515       CC        8       0
                text36                              C6C      C6C       23     18D8       0
                text35                              CD6      CD6       29     19AC       0
                text34                              CB2      CB2       24     1964       0
                text33                              CFF      CFF       29     19FE       0
                text32                              BF8      BF8       12     17F0       0
                text31                              DB7      DB7       3F     1B6E       0
                text30                              B6B      B6B        4     16D6       0
                text29                              C38      C38       1A     1870       0
                text28                              B9D      B9D        D     173A       0
                text27                              C1F      C1F       19     183E       0
                text26                              BAA      BAA        E     1754       0
                text25                              B6F      B6F        8     16DE       0
                text24                              5E1      5E1       1C        8       0
                text23                              C52      C52       1A     18A4       0
                text22                              F91      F91       6F     1F22       0
                text21                              259      259      100        8       0
                text20                              B91      B91        C     1722       0
                text19                              443      443       D2        8       0
                text18                              BD6      BD6       11     17AC       0
                text17                              BE7      BE7       11     17CE       0
                text16                              D84      D84       33     1B08       0
                text15                              359      359       EA        8       0
                text14                              BB8      BB8        E     1770       0
                text13                              B88      B88        9     1710       0
                text12                              C8F      C8F       23     191E       0
                text11                              BC6      BC6       10     178C       0
                text10                              747      747       71      D92       0
                text9                               D54      D54       30     1AA8       0
                text8                               C0A      C0A       15     1814       0
                text7                               D28      D28       2C     1A50       0
                text6                               E38      E38       44     1C70       0
                text5                               7B8      7B8       46      D92       0
                text4                                48       48      211        8       0
                text3                               F2B      F2B       66     1E56       0
                text2                               ECF      ECF       5C     1D9E       0
                text1                               E7C      E7C       53     1CF8       0
                maintext                            6C9      6C9       7E      D92       0
                cstackBANK0                          20       20       48       20       1
                cstackCOMMON                         70       70        C       70       1
                clrtext                             B77      B77        8     16EE       0
                bssBANK3                            190      190       28      190       1
                dataBANK1                            D7       D7        2       A0       1
                bssBANK1                             A0       A0       37       A0       1
                dataBANK0                            6F       6F        1       20       1
                bssBANK0                             68       68        7       20       1
                bssCOMMON                            7C       7C        2       70       1
                strings                             600      600       C9      C00       0
                idataBANK1                          7FE      7FE        2      D92       0
                idataBANK0                          5FD      5FD        1        8       0

TOTAL           Name                               Link     Load   Length     Space
        CLASS   STACK          

        CLASS   CODE           
                end_init                             12       12        3         0
                cinit                                15       15       33         0
                intentry                              4        4        E         0
                reset_vec                             0        0        3         0
                text39                              DF6      DF6       42         0
                text38                              B7F      B7F        9         0
                text37                              515      515       CC         0
                text36                              C6C      C6C       23         0
                text35                              CD6      CD6       29         0
                text34                              CB2      CB2       24         0
                text33                              CFF      CFF       29         0
                text32                              BF8      BF8       12         0
                text31                              DB7      DB7       3F         0
                text30                              B6B      B6B        4         0
                text29                              C38      C38       1A         0
                text28                              B9D      B9D        D         0
                text27                              C1F      C1F       19         0
                text26                              BAA      BAA        E         0
                text25                              B6F      B6F        8         0
                text24                              5E1      5E1       1C         0
                text23                              C52      C52       1A         0
                text22                              F91      F91       6F         0
                text21                              259      259      100         0
                text20                              B91      B91        C         0
                text19                              443      443       D2         0
                text18                              BD6      BD6       11         0
                text17                              BE7      BE7       11         0
                text16                              D84      D84       33         0
                text15                              359      359       EA         0
                text14                              BB8      BB8        E         0
                text13                              B88      B88        9         0
                text12                              C8F      C8F       23         0
                text11                              BC6      BC6       10         0
                text10                              747      747       71         0
                text9                               D54      D54       30         0
                text8                               C0A      C0A       15         0
                text7                               D28      D28       2C         0
                text6                               E38      E38       44         0
                text5                               7B8      7B8       46         0
                text4                                48       48      211         0
                text3                               F2B      F2B       66         0
                text2                               ECF      ECF       5C         0
                text1                               E7C      E7C       53         0
                maintext                            6C9      6C9       7E         0
                clrtext                             B77      B77        8         0
                idataBANK1                          7FE      7FE        2         0
                idataBANK0                          5FD      5FD        1         0

        CLASS   STRCODE        

        CLASS   STRING         
                strings                             600      600       C9         0

        CLASS   CONST          

        CLASS   ENTRY          

        CLASS   COMMON         
                cstackCOMMON                         70       70        C         1
                bssCOMMON                            7C       7C        2         1

        CLASS   BANK0          
                cstackBANK0                          20       20       48         1
                dataBANK0                            6F       6F        1         1
                bssBANK0                             68       68        7         1

        CLASS   BANK1          
                dataBANK1                            D7       D7        2         1
                bssBANK1                             A0       A0       37         1

        CLASS   BANK2          

        CLASS   BANK3          
                bssBANK3                            190      190       28         1

        CLASS   RAM            

        CLASS   ABS1           
                abs_s1                               7E       7E        2         1

        CLASS   SFR0           

        CLASS   SFR1           

        CLASS   SFR2           

        CLASS   SFR3           

        CLASS   CONFIG         
                config                             2007     2007        1         0

        CLASS   IDLOC          

        CLASS   EEDATA         



SEGMENTS        Name                           Load    Length   Top    Selector   Space  Class     Delta

                reset_vec                      000000  000003  000003         0       0  CODE        2
                intentry                       000004  0005FA  0005FE         8       0  CODE        2
                cstackBANK0                    000020  000050  000070        20       1  BANK0       1
                cstackCOMMON                   000070  00000E  00007E        70       1  COMMON      1
                bssBANK1                       0000A0  000039  0000D9        A0       1  BANK1       1
                bssBANK3                       000190  000028  0001B8       190       1  BANK3       1
                strings                        000600  0000C9  0006C9       C00       0  STRING      2
                maintext                       0006C9  000137  000800       D92       0  CODE        2
                text30                         000B6B  000004  000B6F      16D6       0  CODE        2
                text25                         000B6F  000008  000B77      16DE       0  CODE        2
                clrtext                        000B77  000008  000B7F      16EE       0  CODE        2
                text38                         000B7F  000009  000B88      16FE       0  CODE        2
                text13                         000B88  000009  000B91      1710       0  CODE        2
                text20                         000B91  00000C  000B9D      1722       0  CODE        2
                text28                         000B9D  00000D  000BAA      173A       0  CODE        2
                text26                         000BAA  00000E  000BB8      1754       0  CODE        2
                text14                         000BB8  00000E  000BC6      1770       0  CODE        2
                text11                         000BC6  000010  000BD6      178C       0  CODE        2
                text18                         000BD6  000011  000BE7      17AC       0  CODE        2
                text17                         000BE7  000011  000BF8      17CE       0  CODE        2
                text32                         000BF8  000012  000C0A      17F0       0  CODE        2
                text8                          000C0A  000015  000C1F      1814       0  CODE        2
                text27                         000C1F  000019  000C38      183E       0  CODE        2
                text29                         000C38  00001A  000C52      1870       0  CODE        2
                text23                         000C52  00001A  000C6C      18A4       0  CODE        2
                text36                         000C6C  000023  000C8F      18D8       0  CODE        2
                text12                         000C8F  000023  000CB2      191E       0  CODE        2
                text34                         000CB2  000024  000CD6      1964       0  CODE        2
                text35                         000CD6  000029  000CFF      19AC       0  CODE        2
                text33                         000CFF  000029  000D28      19FE       0  CODE        2
                text7                          000D28  00002C  000D54      1A50       0  CODE        2
                text9                          000D54  000030  000D84      1AA8       0  CODE        2
                text16                         000D84  000033  000DB7      1B08       0  CODE        2
                text31                         000DB7  00003F  000DF6      1B6E       0  CODE        2
                text39                         000DF6  000042  000E38      1BEC       0  CODE        2
                text6                          000E38  000044  000E7C      1C70       0  CODE        2
                text1                          000E7C  000053  000ECF      1CF8       0  CODE        2
                text2                          000ECF  00005C  000F2B      1D9E       0  CODE        2
                text3                          000F2B  000066  000F91      1E56       0  CODE        2
                text22                         000F91  00006F  001000      1F22       0  CODE        2
                config                         002007  000001  002008      400E       0  CONFIG      2


UNUSED ADDRESS RANGES

        Name                Unused          Largest block    Delta
        BANK1            00D9-00EF             17           1
        BANK2            0110-016F             60           1
        BANK3            01B8-01EF             38           1
        CODE             0003-0003              1           2
                         05FE-05FF              2
                         0800-0B6A            36B
                         1000-1FFF            800
        CONFIG           2008-2008              1           2
        CONST            0003-0003              1           2
                         05FE-05FF              2
                         0800-0B6A            100
                         1000-1FFF            100
        EEDATA           2100-21FF            100           2
        ENTRY            0003-0003              1           2
                         05FE-05FF              2
                         0800-0B6A            100
                         1000-1FFF            100
        IDLOC            2000-2003              4           2
        RAM              00D9-00EF             17           1
                         0110-016F             60
                         01B8-01EF             38
        SFR0             0000-001F             20           1
        SFR1             0080-009F             20           1
        SFR2             0100-010F             10           1
        SFR3             0180-018F             10           1
        STACK            0110-016F             60           1
        STRCODE          0003-0003              1           2
                         05FE-05FF              2
                         0800-0B6A            36B
                         1000-1FFF           1000
        STRING           0003-0003              1           2
                         05FE-05FF              2
                         0800-0B6A            100
                         1000-1FFF            100

                                  Symbol Table

?___wmul                          cstackBANK0  0020
?_atoi                            cstackBANK0  0026
?_strlen                          cstackBANK0  0020
?_strncmp                         cstackBANK0  0028
AnalogValue@channel               cstackBANK0  0027
Blink@i                           cstackBANK0  0029
Blink@n                           cstackBANK0  0026
DarknessCheck@darknessValue       cstackBANK0  0029
DelayDs@cnt                       cstackBANK0  0020
DelayDs@i                         cstackBANK0  0024
FindChannel@cnt                   cstackBANK0  0031
FindChannel@i                     cstackBANK0  0033
OperationMode@bracketStatus       cstackBANK0  0021
ReadFIFO@value                    cstackBANK0  0024
RegisterRead@adress               cstackBANK0  0026
RegisterRead@value                cstackBANK0  0025
RegisterSet@adress                cstackBANK0  002A
RegisterSet@value                 cstackBANK0  0027
SetRFMode@mcparam0_read           cstackBANK0  002D
SetRFMode@mode                    cstackBANK0  002C
TimerCounter@i                    cstackCOMMON 0073
TransiverReadFIFO@i               cstackBANK0  0061
TransiverReadFIFO@j               cstackBANK0  0063
TransmittString@dataString        cstackBANK0  0035
TransmittString@i                 cstackBANK0  003A
TransmittedDataHandler@slask      cstackBANK0  003D
TransmittedDataHandler@slask_704  cstackBANK0  0045
TransmittedDataHandler@slask_713  cstackBANK0  004D
TransmittedDataHandler@slask_716  cstackBANK0  0055
TransmittedDataHandler@value      cstackBANK0  005D
WriteFIFO@Data                    cstackBANK0  0023
WriteSPI@buffer                   cstackBANK0  0021
WriteSPI@databyte                 cstackBANK0  0022
_ADCON0bits                       (abs)        001F
_ADCON1bits                       (abs)        009F
_ADRESH                           (abs)        001E
_ANSEL                            (abs)        0188
_ANSELH                           (abs)        0189
_ANSELbits                        (abs)        0188
_AnalogValue                      text35       0CD6
_Blink                            text16       0D84
_CARRY                            (abs)        0018
_ChannelP                         strings      0610
_ChannelR                         strings      061D
_ChannelS                         strings      062A
_DarknessCheck                    text33       0CFF
_DelayDs                          text36       0C6C
_EEADR                            (abs)        010D
_EECON1                           (abs)        018C
_EECON2                           (abs)        018D
_EEDATA                           (abs)        010C
_FindChannel                      text21       0259
_GIE                              (abs)        005F
_INTCONbits                       (abs)        000B
_IOCBbits                         (abs)        0096
_LightWithSensController          text31       0DB7
_Mode_0                           text30       0B6B
_Mode_1                           text29       0C38
_Mode_2                           text28       0B9D
_Mode_3                           text27       0C1F
_Mode_4                           text18       0BD6
_Mode_5                           text17       0BE7
_OPTION_REGbits                   (abs)        0081
_OSCCONbits                       (abs)        008F
_OperationMode                    text13       0B88
_PIE1bits                         (abs)        008C
_PIR1bits                         (abs)        000C
_PORTA                            (abs)        0005
_PORTAbits                        (abs)        0005
_PORTB                            (abs)        0006
_PORTBbits                        (abs)        0006
_PORTC                            (abs)        0007
_PORTCbits                        (abs)        0007
_RBIF                             (abs)        0058
_RD                               (abs)        0C60
_ReadFIFO                         text14       0BB8
_ReadSPI                          text25       0B6F
_RegisterRead                     text24       05E1
_RegisterSet                      text23       0C52
_SSPBUF                           (abs)        0013
_SSPCONbits                       (abs)        0014
_SSPIE                            (abs)        0463
_SSPSTATbits                      (abs)        0094
_SetRFMode                        text22       0F91
_T1CON                            (abs)        0010
_T1CONbits                        (abs)        0010
_TMR1H                            (abs)        000F
_TMR1IF                           (abs)        0060
_TMR1L                            (abs)        000E
_TMR1ON                           (abs)        0080
_TRISA                            (abs)        0085
_TRISB                            (abs)        0086
_TRISC                            (abs)        0087
_TimerCounter                     text39       0DF6
_TransiverInit                    text15       0359
_TransiverReadFIFO                text3        0F2B
_TransiverToReceive               text2        0ECF
_TransmittString                  text19       0443
_TransmittedDataHandler           text4        0048
_TransmittedString                bssBANK1     00B9
_WPUBbits                         (abs)        0095
_WR                               (abs)        0C61
_WREN                             (abs)        0C62
_WriteFIFO                        text20       0B91
_WriteSPI                         text26       0BAA
__CFG_BOREN$OFF                   (abs)        0000
__CFG_CP$ON                       (abs)        0000
__CFG_CPD$ON                      (abs)        0000
__CFG_FCMEN$OFF                   (abs)        0000
__CFG_FOSC$INTRC_NOCLKOUT         (abs)        0000
__CFG_IESO$OFF                    (abs)        0000
__CFG_LVP$OFF                     (abs)        0000
__CFG_MCLRE$OFF                   (abs)        0000
__CFG_WDTE$OFF                    (abs)        0000
__Habs1                           abs1         0000
__Hbank0                          bank0        0000
__Hbank1                          bank1        0000
__Hbank2                          bank2        0000
__Hbank3                          bank3        0000
__HbssBANK0                       bssBANK0     0000
__HbssBANK1                       bssBANK1     0000
__HbssBANK3                       bssBANK3     0000
__HbssCOMMON                      bssCOMMON    0000
__Hcinit                          cinit        0048
__Hclrtext                        clrtext      0000
__Hcode                           code         0000
__Hcommon                         common       0000
__Hconfig                         config       2008
__HcstackBANK0                    cstackBANK0  0000
__HcstackCOMMON                   cstackCOMMON 0000
__HdataBANK0                      dataBANK0    0000
__HdataBANK1                      dataBANK1    0000
__Heeprom_data                    eeprom_data  0000
__Hend_init                       end_init     0015
__Hfunctab                        functab      0000
__HidataBANK0                     idataBANK0   0000
__HidataBANK1                     idataBANK1   0000
__Hidloc                          idloc        0000
__Hinit                           init         0012
__Hintentry                       intentry     0012
__Hmaintext                       maintext     0000
__Hpowerup                        powerup      0000
__Hram                            ram          0000
__Hreset_vec                      reset_vec    0003
__Hsfr0                           sfr0         0000
__Hsfr1                           sfr1         0000
__Hsfr2                           sfr2         0000
__Hsfr3                           sfr3         0000
__Hspace_0                        (abs)        2008
__Hspace_1                        (abs)        01B8
__Hspace_2                        (abs)        0000
__Hspace_3                        (abs)        0000
__Hstack                          stack        0000
__Hstrings                        strings      0000
__Htext                           text         0000
__Labs1                           abs1         0000
__Lbank0                          bank0        0000
__Lbank1                          bank1        0000
__Lbank2                          bank2        0000
__Lbank3                          bank3        0000
__LbssBANK0                       bssBANK0     0000
__LbssBANK1                       bssBANK1     0000
__LbssBANK3                       bssBANK3     0000
__LbssCOMMON                      bssCOMMON    0000
__Lcinit                          cinit        0015
__Lclrtext                        clrtext      0000
__Lcode                           code         0000
__Lcommon                         common       0000
__Lconfig                         config       2007
__LcstackBANK0                    cstackBANK0  0000
__LcstackCOMMON                   cstackCOMMON 0000
__LdataBANK0                      dataBANK0    0000
__LdataBANK1                      dataBANK1    0000
__Leeprom_data                    eeprom_data  0000
__Lend_init                       end_init     0012
__Lfunctab                        functab      0000
__LidataBANK0                     idataBANK0   0000
__LidataBANK1                     idataBANK1   0000
__Lidloc                          idloc        0000
__Linit                           init         0012
__Lintentry                       intentry     0004
__Lmaintext                       maintext     0000
__Lpowerup                        powerup      0000
__Lram                            ram          0000
__Lreset_vec                      reset_vec    0000
__Lsfr0                           sfr0         0000
__Lsfr1                           sfr1         0000
__Lsfr2                           sfr2         0000
__Lsfr3                           sfr3         0000
__Lspace_0                        (abs)        0000
__Lspace_1                        (abs)        0000
__Lspace_2                        (abs)        0000
__Lspace_3                        (abs)        0000
__Lstack                          stack        0000
__Lstrings                        strings      0000
__Ltext                           text         0000
__S0                              (abs)        2008
__S1                              (abs)        01B8
__S2                              (abs)        0000
__S3                              (abs)        0000
___int_sp                         stack        0000
___latbits                        (abs)        0002
___sp                             stack        0000
___wmul                           text12       0C8F
___wmul@multiplicand              cstackBANK0  0022
___wmul@multiplier                cstackBANK0  0020
___wmul@product                   cstackBANK0  0024
__end_of_AnalogValue              text35       0CFF
__end_of_Blink                    text16       0DB7
__end_of_ChannelP                 strings      061D
__end_of_ChannelR                 strings      062A
__end_of_ChannelS                 strings      0637
__end_of_DarknessCheck            text33       0D28
__end_of_DelayDs                  text36       0C8F
__end_of_FindChannel              text21       0359
__end_of_LightWithSensController  text31       0DF6
__end_of_Mode_0                   text30       0B6F
__end_of_Mode_1                   text29       0C52
__end_of_Mode_2                   text28       0BAA
__end_of_Mode_3                   text27       0C38
__end_of_Mode_4                   text18       0BE7
__end_of_Mode_5                   text17       0BF8
__end_of_OperationMode            text13       0B91
__end_of_ReadFIFO                 text14       0BC6
__end_of_ReadSPI                  text25       0B77
__end_of_RegisterRead             text24       05FD
__end_of_RegisterSet              text23       0C6C
__end_of_SetRFMode                text22       1000
__end_of_TimerCounter             text39       0E38
__end_of_TransiverInit            text15       0443
__end_of_TransiverReadFIFO        text3        0F91
__end_of_TransiverToReceive       text2        0F2B
__end_of_TransmittString          text19       0515
__end_of_TransmittedDataHandler   text4        0259
__end_of_WriteFIFO                text20       0B9D
__end_of_WriteSPI                 text26       0BB8
__end_of___wmul                   text12       0CB2
__end_of__initialization          cinit        0044
__end_of__stringtab               strings      0610
__end_of_atoi                     text10       07B8
__end_of_eeprom_read              text34       0CD6
__end_of_eeprom_write             text9        0D84
__end_of_init                     text1        0ECF
__end_of_isdigit                  text11       0BD6
__end_of_main                     maintext     0747
__end_of_strchr                   text8        0C1F
__end_of_strlen                   text7        0D54
__end_of_strncmp                  text6        0E7C
__end_of_strstr                   text5        07FE
__end_of_tc_int                   text37       05E1
__end_of_timerFunction            text32       0C0A
__end_ofi1_OperationMode          text38       0B88
__initialization                  cinit        0015
__pbssBANK0                       bssBANK0     0068
__pbssBANK1                       bssBANK1     00A0
__pbssBANK3                       bssBANK3     0190
__pbssCOMMON                      bssCOMMON    007C
__pcstackBANK0                    cstackBANK0  0020
__pcstackCOMMON                   cstackCOMMON 0070
__pdataBANK0                      dataBANK0    006F
__pdataBANK1                      dataBANK1    00D7
__pidataBANK0                     idataBANK0   05FD
__pidataBANK1                     idataBANK1   07FE
__pintentry                       intentry     0004
__pmaintext                       maintext     06C9
__pstrings                        strings      0600
__ptext1                          text1        0E7C
__ptext10                         text10       0747
__ptext11                         text11       0BC6
__ptext12                         text12       0C8F
__ptext13                         text13       0B88
__ptext14                         text14       0BB8
__ptext15                         text15       0359
__ptext16                         text16       0D84
__ptext17                         text17       0BE7
__ptext18                         text18       0BD6
__ptext19                         text19       0443
__ptext2                          text2        0ECF
__ptext20                         text20       0B91
__ptext21                         text21       0259
__ptext22                         text22       0F91
__ptext23                         text23       0C52
__ptext24                         text24       05E1
__ptext25                         text25       0B6F
__ptext26                         text26       0BAA
__ptext27                         text27       0C1F
__ptext28                         text28       0B9D
__ptext29                         text29       0C38
__ptext3                          text3        0F2B
__ptext30                         text30       0B6B
__ptext31                         text31       0DB7
__ptext32                         text32       0BF8
__ptext33                         text33       0CFF
__ptext34                         text34       0CB2
__ptext35                         text35       0CD6
__ptext36                         text36       0C6C
__ptext37                         text37       0515
__ptext38                         text38       0B7F
__ptext39                         text39       0DF6
__ptext4                          text4        0048
__ptext5                          text5        07B8
__ptext6                          text6        0E38
__ptext7                          text7        0D28
__ptext8                          text8        0C0A
__ptext9                          text9        0D54
__size_of_AnalogValue             (abs)        0000
__size_of_Blink                   (abs)        0000
__size_of_DarknessCheck           (abs)        0000
__size_of_DelayDs                 (abs)        0000
__size_of_FindChannel             (abs)        0000
__size_of_LightWithSensController (abs)        0000
__size_of_Mode_0                  (abs)        0000
__size_of_Mode_1                  (abs)        0000
__size_of_Mode_2                  (abs)        0000
__size_of_Mode_3                  (abs)        0000
__size_of_Mode_4                  (abs)        0000
__size_of_Mode_5                  (abs)        0000
__size_of_OperationMode           (abs)        0000
__size_of_ReadFIFO                (abs)        0000
__size_of_ReadSPI                 (abs)        0000
__size_of_RegisterRead            (abs)        0000
__size_of_RegisterSet             (abs)        0000
__size_of_SetRFMode               (abs)        0000
__size_of_TimerCounter            (abs)        0000
__size_of_TransiverInit           (abs)        0000
__size_of_TransiverReadFIFO       (abs)        0000
__size_of_TransiverToReceive      (abs)        0000
__size_of_TransmittString         (abs)        0000
__size_of_TransmittedDataHandler  (abs)        0000
__size_of_WriteFIFO               (abs)        0000
__size_of_WriteSPI                (abs)        0000
__size_of___wmul                  (abs)        0000
__size_of_atoi                    (abs)        0000
__size_of_eeprom_read             (abs)        0000
__size_of_eeprom_write            (abs)        0000
__size_of_init                    (abs)        0000
__size_of_isdigit                 (abs)        0000
__size_of_main                    (abs)        0000
__size_of_strchr                  (abs)        0000
__size_of_strlen                  (abs)        0000
__size_of_strncmp                 (abs)        0000
__size_of_strstr                  (abs)        0000
__size_of_tc_int                  (abs)        0000
__size_of_timerFunction           (abs)        0000
__size_ofi1_OperationMode         (abs)        0000
__stringbase                      strings      060F
__stringtab                       strings      0600
_addressDarknessValue             bssCOMMON    007C
_atoi                             text10       0747
_bChannelFound                    bssBANK0     006C
_bDark                            bssBANK0     006D
_bTimerComplete                   bssBANK1     00AA
_bTransiverModeReceive            bssBANK0     006E
_bValueFromPot                    dataBANK0    006F
_channelFound                     bssBANK1     00AF
_eeprom_read                      text34       0CB2
_eeprom_write                     text9        0D54
_init                             text1        0E7C
_intBlinkCounter                  bssBANK1     00B1
_intBlinkCycle                    bssBANK0     0068
_intClockTimer                    bssBANK1     00A0
_intHalfSecondCounter             bssBANK1     00B5
_intMinuteCounter                 bssBANK1     00B7
_intNumberOfBlinks                dataBANK1    00D7
_intSecondCounter                 bssBANK0     006A
_isdigit                          text11       0BC6
_isdigit$1088                     cstackBANK0  0020
_main                             maintext     06C9
_strchr                           text8        0C0A
_strlen                           text7        0D28
_strncmp                          text6        0E38
_strstr                           text5        07B8
_tc_int                           text37       0515
_timerFunction                    text32       0BF8
atoi@a                            cstackBANK0  002B
atoi@s                            cstackBANK0  002D
atoi@sign                         cstackBANK0  002A
btemp                             (abs)        007E
clear_ram0                        clrtext      0B77
eeprom_read@addr                  cstackBANK0  0021
eeprom_write@addr                 cstackBANK0  0022
eeprom_write@value                cstackBANK0  0020
end_of_initialization             cinit        0044
i1OperationMode@bracketStatus     cstackCOMMON 0071
i1_OperationMode                  text38       0B7F
interrupt_function                intentry     0004
intlevel0                         functab      0000
intlevel1                         functab      0000
intlevel2                         functab      0000
intlevel3                         functab      0000
intlevel4                         functab      0000
intlevel5                         functab      0000
isdigit@c                         cstackBANK0  0021
reset_vec                         reset_vec    0000
saved_w                           (abs)        007E
stackhi                           (abs)        0000
stacklo                           (abs)        0000
start                             init         0012
start_initialization              cinit        0015
strchr@chr                        cstackBANK0  0020
strchr@ptr                        cstackBANK0  0022
strlen@cp                         cstackBANK0  0027
strlen@s                          cstackBANK0  0026
strncmp@len                       cstackBANK0  0029
strncmp@s1                        cstackBANK0  002D
strncmp@s2                        cstackBANK0  0028
strstr@s1                         cstackBANK0  0032
strstr@s2                         cstackBANK0  002E
timerFunction@intSetSeconds       cstackBANK0  0022
timerFunction@intTimerNumber      cstackBANK0  0020
wtemp0                            (abs)        007E


FUNCTION INFORMATION:

 *************** function _main *****************
 Defined at:
		line 119 in file "../Main Card V10.0.c"
 Parameters:    Size  Location     Type
		None
 Auto vars:     Size  Location     Type
		None
 Return value:  Size  Location     Type
                  1    wreg      void 
 Registers used:
		wreg, fsr0l, fsr0h, status,2, status,0, btemp+1, pclath, cstack
 Tracked objects:
		On entry : 
		On exit  : 
		Unchanged: 
 Data sizes:     COMMON   BANK0   BANK1   BANK3   BANK2
      Params:         0       0       0       0       0
      Locals:         0       0       0       0       0
      Temps:          0       3       0       0       0
      Totals:         0       3       0       0       0
Total ram usage:        3 bytes
 Hardware stack levels required when called:   10
 This function calls:
		_Mode_0
		_Mode_1
		_Mode_2
		_Mode_3
		_Mode_4
		_Mode_5
		_OperationMode
		_TransiverInit
		_TransiverReadFIFO
		_TransiverToReceive
		_init
 This function is called by:
		Startup code after reset
 This function uses a non-reentrant model


 *************** function _init *****************
 Defined at:
		line 546 in file "../Main Card V10.0.c"
 Parameters:    Size  Location     Type
		None
 Auto vars:     Size  Location     Type
		None
 Return value:  Size  Location     Type
                  1    wreg      void 
 Registers used:
		wreg, status,2, status,0
 Tracked objects:
		On entry : 
		On exit  : 
		Unchanged: 
 Data sizes:     COMMON   BANK0   BANK1   BANK3   BANK2
      Params:         0       0       0       0       0
      Locals:         0       0       0       0       0
      Temps:          0       0       0       0       0
      Totals:         0       0       0       0       0
Total ram usage:        0 bytes
 Hardware stack levels used:    1
 Hardware stack levels required when called:    2
 This function calls:
		Nothing
 This function is called by:
		_main
 This function uses a non-reentrant model


 *************** function _TransiverToReceive *****************
 Defined at:
		line 171 in file "../Main Card V10.0.c"
 Parameters:    Size  Location     Type
		None
 Auto vars:     Size  Location     Type
		None
 Return value:  Size  Location     Type
                  1    wreg      void 
 Registers used:
		wreg, fsr0l, fsr0h, status,2, status,0, btemp+1, pclath, cstack
 Tracked objects:
		On entry : 
		On exit  : 
		Unchanged: 
 Data sizes:     COMMON   BANK0   BANK1   BANK3   BANK2
      Params:         0       0       0       0       0
      Locals:         0       0       0       0       0
      Temps:          0       2       0       0       0
      Totals:         0       2       0       0       0
Total ram usage:        2 bytes
 Hardware stack levels used:    1
 Hardware stack levels required when called:    7
 This function calls:
		_FindChannel
		_RegisterRead
		_RegisterSet
		_SetRFMode
		_timerFunction
 This function is called by:
		_main
 This function uses a non-reentrant model


 *************** function _TransiverReadFIFO *****************
 Defined at:
		line 197 in file "../Main Card V10.0.c"
 Parameters:    Size  Location     Type
		None
 Auto vars:     Size  Location     Type
  j               2   67[BANK0 ] int 
  i               2   65[BANK0 ] int 
 Return value:  Size  Location     Type
                  1    wreg      void 
 Registers used:
		wreg, fsr0l, fsr0h, status,2, status,0, btemp+1, pclath, cstack
 Tracked objects:
		On entry : 
		On exit  : 
		Unchanged: 
 Data sizes:     COMMON   BANK0   BANK1   BANK3   BANK2
      Params:         0       0       0       0       0
      Locals:         0       4       0       0       0
      Temps:          0       2       0       0       0
      Totals:         0       6       0       0       0
Total ram usage:        6 bytes
 Hardware stack levels used:    1
 Hardware stack levels required when called:    9
 This function calls:
		_ReadFIFO
		_SetRFMode
		_TransmittedDataHandler
		_timerFunction
 This function is called by:
		_main
 This function uses a non-reentrant model


 *************** function _TransmittedDataHandler *****************
 Defined at:
		line 218 in file "../Main Card V10.0.c"
 Parameters:    Size  Location     Type
		None
 Auto vars:     Size  Location     Type
  slask           8   53[BANK0 ] unsigned char [8]
  value           2   61[BANK0 ] int 
  slask           8   45[BANK0 ] unsigned char [8]
  slask           8   37[BANK0 ] unsigned char [8]
  slask           8   29[BANK0 ] unsigned char [8]
 Return value:  Size  Location     Type
                  1    wreg      void 
 Registers used:
		wreg, fsr0l, fsr0h, status,2, status,0, btemp+1, pclath, cstack
 Tracked objects:
		On entry : 
		On exit  : 
		Unchanged: 
 Data sizes:     COMMON   BANK0   BANK1   BANK3   BANK2
      Params:         0       0       0       0       0
      Locals:         0      34       0       0       0
      Temps:          0       1       0       0       0
      Totals:         0      35       0       0       0
Total ram usage:       35 bytes
 Hardware stack levels used:    1
 Hardware stack levels required when called:    8
 This function calls:
		_AnalogValue
		_DarknessCheck
		_DelayDs
		_OperationMode
		_TransmittString
		_atoi
		_eeprom_read
		_eeprom_write
		_strstr
 This function is called by:
		_TransiverReadFIFO
 This function uses a non-reentrant model


 *************** function _strstr *****************
 Defined at:
		line 4 in file "C:\Program Files (x86)\Microchip\xc8\v1.40\sources\common\strstr.c"
 Parameters:    Size  Location     Type
  s1              1    wreg     PTR const unsigned char 
		 -> NULL(0), TransmittedString(30), 
  s2              1   14[BANK0 ] PTR const unsigned char 
		 -> STR_19(6), STR_18(5), STR_17(8), STR_14(7), 
		 -> STR_11(9), STR_10(7), STR_9(8), STR_8(7), 
		 -> STR_7(7), STR_6(15), STR_5(15), STR_3(8), 
		 -> STR_1(8), 
 Auto vars:     Size  Location     Type
  s1              1   18[BANK0 ] PTR const unsigned char 
		 -> NULL(0), TransmittedString(30), 
 Return value:  Size  Location     Type
                  1    wreg      PTR unsigned char 
 Registers used:
		wreg, fsr0l, fsr0h, status,2, status,0, pclath, cstack
 Tracked objects:
		On entry : 
		On exit  : 
		Unchanged: 
 Data sizes:     COMMON   BANK0   BANK1   BANK3   BANK2
      Params:         0       1       0       0       0
      Locals:         0       1       0       0       0
      Temps:          0       3       0       0       0
      Totals:         0       5       0       0       0
Total ram usage:        5 bytes
 Hardware stack levels used:    1
 Hardware stack levels required when called:    3
 This function calls:
		_strchr
		_strlen
		_strncmp
 This function is called by:
		_TransmittedDataHandler
 This function uses a non-reentrant model


 *************** function _strncmp *****************
 Defined at:
		line 4 in file "C:\Program Files (x86)\Microchip\xc8\v1.40\sources\common\strncmp.c"
 Parameters:    Size  Location     Type
  s1              1    wreg     PTR const unsigned char 
		 -> NULL(0), TransmittedString(30), 
  s2              1    8[BANK0 ] PTR const unsigned char 
		 -> STR_19(6), STR_18(5), STR_17(8), STR_14(7), 
		 -> STR_11(9), STR_10(7), STR_9(8), STR_8(7), 
		 -> STR_7(7), STR_6(15), STR_5(15), STR_3(8), 
		 -> STR_1(8), 
  len             2    9[BANK0 ] unsigned int 
 Auto vars:     Size  Location     Type
  s1              1   13[BANK0 ] PTR const unsigned char 
		 -> NULL(0), TransmittedString(30), 
 Return value:  Size  Location     Type
                  2    8[BANK0 ] int 
 Registers used:
		wreg, fsr0l, fsr0h, status,2, status,0, pclath
 Tracked objects:
		On entry : 
		On exit  : 
		Unchanged: 
 Data sizes:     COMMON   BANK0   BANK1   BANK3   BANK2
      Params:         0       3       0       0       0
      Locals:         0       1       0       0       0
      Temps:          0       2       0       0       0
      Totals:         0       6       0       0       0
Total ram usage:        6 bytes
 Hardware stack levels used:    1
 Hardware stack levels required when called:    2
 This function calls:
		Nothing
 This function is called by:
		_strstr
 This function uses a non-reentrant model


 *************** function _strlen *****************
 Defined at:
		line 4 in file "C:\Program Files (x86)\Microchip\xc8\v1.40\sources\common\strlen.c"
 Parameters:    Size  Location     Type
  s               1    wreg     PTR const unsigned char 
		 -> STR_19(6), STR_18(5), STR_17(8), STR_14(7), 
		 -> STR_11(9), STR_10(7), STR_9(8), STR_8(7), 
		 -> STR_7(7), STR_6(15), STR_5(15), STR_3(8), 
		 -> STR_1(8), 
 Auto vars:     Size  Location     Type
  s               1    6[BANK0 ] PTR const unsigned char 
		 -> STR_19(6), STR_18(5), STR_17(8), STR_14(7), 
		 -> STR_11(9), STR_10(7), STR_9(8), STR_8(7), 
		 -> STR_7(7), STR_6(15), STR_5(15), STR_3(8), 
		 -> STR_1(8), 
  cp              1    7[BANK0 ] PTR const unsigned char 
		 -> STR_19(6), STR_18(5), STR_17(8), STR_14(7), 
		 -> STR_11(9), STR_10(7), STR_9(8), STR_8(7), 
		 -> STR_7(7), STR_6(15), STR_5(15), STR_3(8), 
		 -> STR_1(8), 
 Return value:  Size  Location     Type
                  2    0[BANK0 ] unsigned int 
 Registers used:
		wreg, fsr0l, fsr0h, status,2, status,0, pclath
 Tracked objects:
		On entry : 
		On exit  : 
		Unchanged: 
 Data sizes:     COMMON   BANK0   BANK1   BANK3   BANK2
      Params:         0       2       0       0       0
      Locals:         0       2       0       0       0
      Temps:          0       4       0       0       0
      Totals:         0       8       0       0       0
Total ram usage:        8 bytes
 Hardware stack levels used:    1
 Hardware stack levels required when called:    2
 This function calls:
		Nothing
 This function is called by:
		_strstr
 This function uses a non-reentrant model


 *************** function _strchr *****************
 Defined at:
		line 4 in file "C:\Program Files (x86)\Microchip\xc8\v1.40\sources\common\strchr.c"
 Parameters:    Size  Location     Type
  ptr             1    wreg     PTR const unsigned char 
		 -> NULL(0), TransmittedString(30), 
  chr             2    0[BANK0 ] int 
 Auto vars:     Size  Location     Type
  ptr             1    2[BANK0 ] PTR const unsigned char 
		 -> NULL(0), TransmittedString(30), 
 Return value:  Size  Location     Type
                  1    wreg      PTR unsigned char 
 Registers used:
		wreg, fsr0l, fsr0h, status,2, status,0
 Tracked objects:
		On entry : 
		On exit  : 
		Unchanged: 
 Data sizes:     COMMON   BANK0   BANK1   BANK3   BANK2
      Params:         0       2       0       0       0
      Locals:         0       1       0       0       0
      Temps:          0       0       0       0       0
      Totals:         0       3       0       0       0
Total ram usage:        3 bytes
 Hardware stack levels used:    1
 Hardware stack levels required when called:    2
 This function calls:
		Nothing
 This function is called by:
		_strstr
 This function uses a non-reentrant model


 *************** function _eeprom_write *****************
 Defined at:
		line 6 in file "C:\Program Files (x86)\Microchip\xc8\v1.40\sources\pic\eewrite.c"
 Parameters:    Size  Location     Type
  addr            1    wreg     unsigned char 
  value           1    0[BANK0 ] unsigned char 
 Auto vars:     Size  Location     Type
  addr            1    2[BANK0 ] unsigned char 
 Return value:  Size  Location     Type
                  1    wreg      void 
 Registers used:
		wreg, status,2, status,0
 Tracked objects:
		On entry : 
		On exit  : 
		Unchanged: 
 Data sizes:     COMMON   BANK0   BANK1   BANK3   BANK2
      Params:         0       1       0       0       0
      Locals:         0       1       0       0       0
      Temps:          0       1       0       0       0
      Totals:         0       3       0       0       0
Total ram usage:        3 bytes
 Hardware stack levels used:    1
 Hardware stack levels required when called:    2
 This function calls:
		Nothing
 This function is called by:
		_TransmittedDataHandler
 This function uses a non-reentrant model


 *************** function _atoi *****************
 Defined at:
		line 5 in file "C:\Program Files (x86)\Microchip\xc8\v1.40\sources\common\atoi.c"
 Parameters:    Size  Location     Type
  s               1    wreg     PTR const unsigned char 
		 -> TransmittedString(30), 
 Auto vars:     Size  Location     Type
  s               1   13[BANK0 ] PTR const unsigned char 
		 -> TransmittedString(30), 
  a               2   11[BANK0 ] int 
  sign            1   10[BANK0 ] unsigned char 
 Return value:  Size  Location     Type
                  2    6[BANK0 ] int 
 Registers used:
		wreg, fsr0l, fsr0h, status,2, status,0, pclath, cstack
 Tracked objects:
		On entry : 
		On exit  : 
		Unchanged: 
 Data sizes:     COMMON   BANK0   BANK1   BANK3   BANK2
      Params:         0       2       0       0       0
      Locals:         0       4       0       0       0
      Temps:          0       2       0       0       0
      Totals:         0       8       0       0       0
Total ram usage:        8 bytes
 Hardware stack levels used:    1
 Hardware stack levels required when called:    3
 This function calls:
		___wmul
		_isdigit
 This function is called by:
		_TransmittedDataHandler
 This function uses a non-reentrant model


 *************** function _isdigit *****************
 Defined at:
		line 8 in file "C:\Program Files (x86)\Microchip\xc8\v1.40\sources\common\isdigit.c"
 Parameters:    Size  Location     Type
  c               1    wreg     unsigned char 
 Auto vars:     Size  Location     Type
  c               1    1[BANK0 ] unsigned char 
 Return value:  Size  Location     Type
		None               void
 Registers used:
		wreg, status,2, status,0
 Tracked objects:
		On entry : 
		On exit  : 
		Unchanged: 
 Data sizes:     COMMON   BANK0   BANK1   BANK3   BANK2
      Params:         0       0       0       0       0
      Locals:         0       2       0       0       0
      Temps:          0       0       0       0       0
      Totals:         0       2       0       0       0
Total ram usage:        2 bytes
 Hardware stack levels used:    1
 Hardware stack levels required when called:    2
 This function calls:
		Nothing
 This function is called by:
		_atoi
 This function uses a non-reentrant model


 *************** function ___wmul *****************
 Defined at:
		line 15 in file "C:\Program Files (x86)\Microchip\xc8\v1.40\sources\common\Umul16.c"
 Parameters:    Size  Location     Type
  multiplier      2    0[BANK0 ] unsigned int 
  multiplicand    2    2[BANK0 ] unsigned int 
 Auto vars:     Size  Location     Type
  product         2    4[BANK0 ] unsigned int 
 Return value:  Size  Location     Type
                  2    0[BANK0 ] unsigned int 
 Registers used:
		wreg, status,2, status,0
 Tracked objects:
		On entry : 
		On exit  : 
		Unchanged: 
 Data sizes:     COMMON   BANK0   BANK1   BANK3   BANK2
      Params:         0       4       0       0       0
      Locals:         0       2       0       0       0
      Temps:          0       0       0       0       0
      Totals:         0       6       0       0       0
Total ram usage:        6 bytes
 Hardware stack levels used:    1
 Hardware stack levels required when called:    2
 This function calls:
		Nothing
 This function is called by:
		_atoi
 This function uses a non-reentrant model


 *************** function _OperationMode *****************
 Defined at:
		line 1056 in file "../Main Card V10.0.c"
 Parameters:    Size  Location     Type
		None
 Auto vars:     Size  Location     Type
  bracketStatu    1    1[BANK0 ] unsigned char 
 Return value:  Size  Location     Type
                  1    wreg      unsigned char 
 Registers used:
		wreg, status,2
 Tracked objects:
		On entry : 
		On exit  : 
		Unchanged: 
 Data sizes:     COMMON   BANK0   BANK1   BANK3   BANK2
      Params:         0       0       0       0       0
      Locals:         0       1       0       0       0
      Temps:          0       1       0       0       0
      Totals:         0       2       0       0       0
Total ram usage:        2 bytes
 Hardware stack levels used:    1
 Hardware stack levels required when called:    2
 This function calls:
		Nothing
 This function is called by:
		_main
		_TransmittedDataHandler
 This function uses a non-reentrant model


 *************** function _ReadFIFO *****************
 Defined at:
		line 873 in file "../Main Card V10.0.c"
 Parameters:    Size  Location     Type
		None
 Auto vars:     Size  Location     Type
  value           1    4[BANK0 ] unsigned char 
 Return value:  Size  Location     Type
                  1    wreg      unsigned char 
 Registers used:
		wreg, status,2, status,0, pclath, cstack
 Tracked objects:
		On entry : 
		On exit  : 
		Unchanged: 
 Data sizes:     COMMON   BANK0   BANK1   BANK3   BANK2
      Params:         0       0       0       0       0
      Locals:         0       1       0       0       0
      Temps:          0       1       0       0       0
      Totals:         0       2       0       0       0
Total ram usage:        2 bytes
 Hardware stack levels used:    1
 Hardware stack levels required when called:    4
 This function calls:
		_ReadSPI
 This function is called by:
		_TransiverReadFIFO
 This function uses a non-reentrant model


 *************** function _TransiverInit *****************
 Defined at:
		line 638 in file "../Main Card V10.0.c"
 Parameters:    Size  Location     Type
		None
 Auto vars:     Size  Location     Type
		None
 Return value:  Size  Location     Type
                  1    wreg      void 
 Registers used:
		wreg, fsr0l, fsr0h, status,2, status,0, btemp+1, pclath, cstack
 Tracked objects:
		On entry : 
		On exit  : 
		Unchanged: 
 Data sizes:     COMMON   BANK0   BANK1   BANK3   BANK2
      Params:         0       0       0       0       0
      Locals:         0       0       0       0       0
      Temps:          0       1       0       0       0
      Totals:         0       1       0       0       0
Total ram usage:        1 bytes
 Hardware stack levels used:    1
 Hardware stack levels required when called:    7
 This function calls:
		_Blink
		_FindChannel
		_RegisterRead
		_RegisterSet
		_SetRFMode
 This function is called by:
		_main
 This function uses a non-reentrant model


 *************** function _Blink *****************
 Defined at:
		line 786 in file "../Main Card V10.0.c"
 Parameters:    Size  Location     Type
  n               2    6[BANK0 ] int 
 Auto vars:     Size  Location     Type
  i               2    9[BANK0 ] int 
 Return value:  Size  Location     Type
                  1    wreg      void 
 Registers used:
		wreg, status,2, status,0, pclath, cstack
 Tracked objects:
		On entry : 
		On exit  : 
		Unchanged: 
 Data sizes:     COMMON   BANK0   BANK1   BANK3   BANK2
      Params:         0       2       0       0       0
      Locals:         0       2       0       0       0
      Temps:          0       1       0       0       0
      Totals:         0       5       0       0       0
Total ram usage:        5 bytes
 Hardware stack levels used:    1
 Hardware stack levels required when called:    3
 This function calls:
		_DelayDs
 This function is called by:
		_TransiverInit
 This function uses a non-reentrant model


 *************** function _Mode_5 *****************
 Defined at:
		line 447 in file "../Main Card V10.0.c"
 Parameters:    Size  Location     Type
		None
 Auto vars:     Size  Location     Type
		None
 Return value:  Size  Location     Type
                  1    wreg      void 
 Registers used:
		wreg, fsr0l, fsr0h, status,2, status,0, btemp+1, pclath, cstack
 Tracked objects:
		On entry : 
		On exit  : 
		Unchanged: 
 Data sizes:     COMMON   BANK0   BANK1   BANK3   BANK2
      Params:         0       0       0       0       0
      Locals:         0       0       0       0       0
      Temps:          0       0       0       0       0
      Totals:         0       0       0       0       0
Total ram usage:        0 bytes
 Hardware stack levels used:    1
 Hardware stack levels required when called:    8
 This function calls:
		_LightWithSensController
		_TransmittString
 This function is called by:
		_main
 This function uses a non-reentrant model


 *************** function _Mode_4 *****************
 Defined at:
		line 435 in file "../Main Card V10.0.c"
 Parameters:    Size  Location     Type
		None
 Auto vars:     Size  Location     Type
		None
 Return value:  Size  Location     Type
                  1    wreg      void 
 Registers used:
		wreg, fsr0l, fsr0h, status,2, status,0, btemp+1, pclath, cstack
 Tracked objects:
		On entry : 
		On exit  : 
		Unchanged: 
 Data sizes:     COMMON   BANK0   BANK1   BANK3   BANK2
      Params:         0       0       0       0       0
      Locals:         0       0       0       0       0
      Temps:          0       0       0       0       0
      Totals:         0       0       0       0       0
Total ram usage:        0 bytes
 Hardware stack levels used:    1
 Hardware stack levels required when called:    8
 This function calls:
		_LightWithSensController
		_TransmittString
 This function is called by:
		_main
 This function uses a non-reentrant model


 *************** function _TransmittString *****************
 Defined at:
		line 336 in file "../Main Card V10.0.c"
 Parameters:    Size  Location     Type
  dataString      2   21[BANK0 ] PTR unsigned char 
		 -> STR_21(8), STR_20(8), TransmittedDataHandler@slask_716(8), TransmittedDataHandler@slask_713(8), 
		 -> STR_16(4), STR_15(4), STR_13(14), STR_12(14), 
		 -> TransmittedDataHandler@slask_704(8), TransmittedDataHandler@slask(8), STR_4(15), STR_2(15), 
 Auto vars:     Size  Location     Type
  i               2   26[BANK0 ] int 
 Return value:  Size  Location     Type
                  1    wreg      void 
 Registers used:
		wreg, fsr0l, fsr0h, status,2, status,0, btemp+1, pclath, cstack
 Tracked objects:
		On entry : 
		On exit  : 
		Unchanged: 
 Data sizes:     COMMON   BANK0   BANK1   BANK3   BANK2
      Params:         0       2       0       0       0
      Locals:         0       2       0       0       0
      Temps:          0       3       0       0       0
      Totals:         0       7       0       0       0
Total ram usage:        7 bytes
 Hardware stack levels used:    1
 Hardware stack levels required when called:    7
 This function calls:
		_FindChannel
		_RegisterRead
		_RegisterSet
		_SetRFMode
		_WriteFIFO
		_timerFunction
 This function is called by:
		_TransmittedDataHandler
		_Mode_4
		_Mode_5
 This function uses a non-reentrant model


 *************** function _WriteFIFO *****************
 Defined at:
		line 900 in file "../Main Card V10.0.c"
 Parameters:    Size  Location     Type
  Data            1    wreg     unsigned char 
 Auto vars:     Size  Location     Type
  Data            1    3[BANK0 ] unsigned char 
 Return value:  Size  Location     Type
                  1    wreg      void 
 Registers used:
		wreg, status,2, status,0, pclath, cstack
 Tracked objects:
		On entry : 
		On exit  : 
		Unchanged: 
 Data sizes:     COMMON   BANK0   BANK1   BANK3   BANK2
      Params:         0       0       0       0       0
      Locals:         0       1       0       0       0
      Temps:          0       0       0       0       0
      Totals:         0       1       0       0       0
Total ram usage:        1 bytes
 Hardware stack levels used:    1
 Hardware stack levels required when called:    3
 This function calls:
		_WriteSPI
 This function is called by:
		_TransmittString
 This function uses a non-reentrant model


 *************** function _FindChannel *****************
 Defined at:
		line 683 in file "../Main Card V10.0.c"
 Parameters:    Size  Location     Type
		None
 Auto vars:     Size  Location     Type
  i               2   19[BANK0 ] int 
  cnt             2   17[BANK0 ] int 
 Return value:  Size  Location     Type
                  1    wreg      unsigned char 
 Registers used:
		wreg, fsr0l, fsr0h, status,2, status,0, btemp+1, pclath, cstack
 Tracked objects:
		On entry : 
		On exit  : 
		Unchanged: 
 Data sizes:     COMMON   BANK0   BANK1   BANK3   BANK2
      Params:         0       0       0       0       0
      Locals:         0       4       0       0       0
      Temps:          0       3       0       0       0
      Totals:         0       7       0       0       0
Total ram usage:        7 bytes
 Hardware stack levels used:    1
 Hardware stack levels required when called:    6
 This function calls:
		_RegisterRead
		_RegisterSet
		_SetRFMode
 This function is called by:
		_TransiverToReceive
		_TransmittString
		_TransiverInit
 This function uses a non-reentrant model


 *************** function _SetRFMode *****************
 Defined at:
		line 738 in file "../Main Card V10.0.c"
 Parameters:    Size  Location     Type
  mode            1    wreg     unsigned char 
 Auto vars:     Size  Location     Type
  mode            1   12[BANK0 ] unsigned char 
  mcparam0_rea    1   13[BANK0 ] unsigned char 
 Return value:  Size  Location     Type
                  1    wreg      void 
 Registers used:
		wreg, fsr0l, fsr0h, status,2, status,0, pclath, cstack
 Tracked objects:
		On entry : 
		On exit  : 
		Unchanged: 
 Data sizes:     COMMON   BANK0   BANK1   BANK3   BANK2
      Params:         0       0       0       0       0
      Locals:         0       2       0       0       0
      Temps:          0       1       0       0       0
      Totals:         0       3       0       0       0
Total ram usage:        3 bytes
 Hardware stack levels used:    1
 Hardware stack levels required when called:    5
 This function calls:
		_RegisterRead
		_RegisterSet
 This function is called by:
		_TransiverToReceive
		_TransiverReadFIFO
		_TransmittString
		_TransiverInit
		_FindChannel
 This function uses a non-reentrant model


 *************** function _RegisterSet *****************
 Defined at:
		line 847 in file "../Main Card V10.0.c"
 Parameters:    Size  Location     Type
  adress          1    wreg     unsigned char 
  value           1    7[BANK0 ] unsigned char 
 Auto vars:     Size  Location     Type
  adress          1   10[BANK0 ] unsigned char 
 Return value:  Size  Location     Type
                  1    wreg      void 
 Registers used:
		wreg, status,2, status,0, pclath, cstack
 Tracked objects:
		On entry : 
		On exit  : 
		Unchanged: 
 Data sizes:     COMMON   BANK0   BANK1   BANK3   BANK2
      Params:         0       1       0       0       0
      Locals:         0       1       0       0       0
      Temps:          0       2       0       0       0
      Totals:         0       4       0       0       0
Total ram usage:        4 bytes
 Hardware stack levels used:    1
 Hardware stack levels required when called:    3
 This function calls:
		_WriteSPI
 This function is called by:
		_TransiverToReceive
		_TransmittString
		_TransiverInit
		_FindChannel
		_SetRFMode
 This function uses a non-reentrant model


 *************** function _RegisterRead *****************
 Defined at:
		line 817 in file "../Main Card V10.0.c"
 Parameters:    Size  Location     Type
  adress          1    wreg     unsigned char 
 Auto vars:     Size  Location     Type
  adress          1    6[BANK0 ] unsigned char 
  value           1    5[BANK0 ] unsigned char 
 Return value:  Size  Location     Type
                  1    wreg      unsigned char 
 Registers used:
		wreg, status,2, status,0, pclath, cstack
 Tracked objects:
		On entry : 
		On exit  : 
		Unchanged: 
 Data sizes:     COMMON   BANK0   BANK1   BANK3   BANK2
      Params:         0       0       0       0       0
      Locals:         0       2       0       0       0
      Temps:          0       2       0       0       0
      Totals:         0       4       0       0       0
Total ram usage:        4 bytes
 Hardware stack levels used:    1
 Hardware stack levels required when called:    4
 This function calls:
		_ReadSPI
		_WriteSPI
 This function is called by:
		_TransiverToReceive
		_TransmittString
		_TransiverInit
		_FindChannel
		_SetRFMode
 This function uses a non-reentrant model


 *************** function _ReadSPI *****************
 Defined at:
		line 630 in file "../Main Card V10.0.c"
 Parameters:    Size  Location     Type
		None
 Auto vars:     Size  Location     Type
		None
 Return value:  Size  Location     Type
                  1    wreg      unsigned char 
 Registers used:
		wreg, status,2, status,0, pclath, cstack
 Tracked objects:
		On entry : 
		On exit  : 
		Unchanged: 
 Data sizes:     COMMON   BANK0   BANK1   BANK3   BANK2
      Params:         0       0       0       0       0
      Locals:         0       0       0       0       0
      Temps:          0       0       0       0       0
      Totals:         0       0       0       0       0
Total ram usage:        0 bytes
 Hardware stack levels used:    1
 Hardware stack levels required when called:    3
 This function calls:
		_WriteSPI
 This function is called by:
		_RegisterRead
		_ReadFIFO
 This function uses a non-reentrant model


 *************** function _WriteSPI *****************
 Defined at:
		line 618 in file "../Main Card V10.0.c"
 Parameters:    Size  Location     Type
  databyte        1    wreg     unsigned char 
 Auto vars:     Size  Location     Type
  databyte        1    2[BANK0 ] unsigned char 
  buffer          1    1[BANK0 ] unsigned char 
 Return value:  Size  Location     Type
                  1    wreg      void 
 Registers used:
		wreg
 Tracked objects:
		On entry : 
		On exit  : 
		Unchanged: 
 Data sizes:     COMMON   BANK0   BANK1   BANK3   BANK2
      Params:         0       0       0       0       0
      Locals:         0       2       0       0       0
      Temps:          0       1       0       0       0
      Totals:         0       3       0       0       0
Total ram usage:        3 bytes
 Hardware stack levels used:    1
 Hardware stack levels required when called:    2
 This function calls:
		Nothing
 This function is called by:
		_ReadSPI
		_RegisterRead
		_RegisterSet
		_WriteFIFO
 This function uses a non-reentrant model


 *************** function _Mode_3 *****************
 Defined at:
		line 422 in file "../Main Card V10.0.c"
 Parameters:    Size  Location     Type
		None
 Auto vars:     Size  Location     Type
		None
 Return value:  Size  Location     Type
                  1    wreg      void 
 Registers used:
		wreg, fsr0l, fsr0h, status,2, status,0, pclath, cstack
 Tracked objects:
		On entry : 
		On exit  : 
		Unchanged: 
 Data sizes:     COMMON   BANK0   BANK1   BANK3   BANK2
      Params:         0       0       0       0       0
      Locals:         0       0       0       0       0
      Temps:          0       0       0       0       0
      Totals:         0       0       0       0       0
Total ram usage:        0 bytes
 Hardware stack levels used:    1
 Hardware stack levels required when called:    6
 This function calls:
		_LightWithSensController
 This function is called by:
		_main
 This function uses a non-reentrant model


 *************** function _Mode_2 *****************
 Defined at:
		line 411 in file "../Main Card V10.0.c"
 Parameters:    Size  Location     Type
		None
 Auto vars:     Size  Location     Type
		None
 Return value:  Size  Location     Type
                  1    wreg      void 
 Registers used:
		wreg, fsr0l, fsr0h, status,2, status,0, pclath, cstack
 Tracked objects:
		On entry : 
		On exit  : 
		Unchanged: 
 Data sizes:     COMMON   BANK0   BANK1   BANK3   BANK2
      Params:         0       0       0       0       0
      Locals:         0       0       0       0       0
      Temps:          0       0       0       0       0
      Totals:         0       0       0       0       0
Total ram usage:        0 bytes
 Hardware stack levels used:    1
 Hardware stack levels required when called:    6
 This function calls:
		_LightWithSensController
 This function is called by:
		_main
 This function uses a non-reentrant model


 *************** function _Mode_1 *****************
 Defined at:
		line 397 in file "../Main Card V10.0.c"
 Parameters:    Size  Location     Type
		None
 Auto vars:     Size  Location     Type
		None
 Return value:  Size  Location     Type
                  1    wreg      void 
 Registers used:
		wreg, status,2, status,0, pclath, cstack
 Tracked objects:
		On entry : 
		On exit  : 
		Unchanged: 
 Data sizes:     COMMON   BANK0   BANK1   BANK3   BANK2
      Params:         0       0       0       0       0
      Locals:         0       0       0       0       0
      Temps:          0       0       0       0       0
      Totals:         0       0       0       0       0
Total ram usage:        0 bytes
 Hardware stack levels used:    1
 Hardware stack levels required when called:    5
 This function calls:
		_DarknessCheck
 This function is called by:
		_main
 This function uses a non-reentrant model


 *************** function _Mode_0 *****************
 Defined at:
		line 389 in file "../Main Card V10.0.c"
 Parameters:    Size  Location     Type
		None
 Auto vars:     Size  Location     Type
		None
 Return value:  Size  Location     Type
                  1    wreg      void 
 Registers used:
		wreg, fsr0l, fsr0h, status,2, status,0, pclath, cstack
 Tracked objects:
		On entry : 
		On exit  : 
		Unchanged: 
 Data sizes:     COMMON   BANK0   BANK1   BANK3   BANK2
      Params:         0       0       0       0       0
      Locals:         0       0       0       0       0
      Temps:          0       0       0       0       0
      Totals:         0       0       0       0       0
Total ram usage:        0 bytes
 Hardware stack levels used:    1
 Hardware stack levels required when called:    6
 This function calls:
		_LightWithSensController
 This function is called by:
		_main
 This function uses a non-reentrant model


 *************** function _LightWithSensController *****************
 Defined at:
		line 460 in file "../Main Card V10.0.c"
 Parameters:    Size  Location     Type
		None
 Auto vars:     Size  Location     Type
		None
 Return value:  Size  Location     Type
                  1    wreg      void 
 Registers used:
		wreg, fsr0l, fsr0h, status,2, status,0, pclath, cstack
 Tracked objects:
		On entry : 
		On exit  : 
		Unchanged: 
 Data sizes:     COMMON   BANK0   BANK1   BANK3   BANK2
      Params:         0       0       0       0       0
      Locals:         0       0       0       0       0
      Temps:          0       0       0       0       0
      Totals:         0       0       0       0       0
Total ram usage:        0 bytes
 Hardware stack levels used:    1
 Hardware stack levels required when called:    5
 This function calls:
		_DarknessCheck
		_timerFunction
 This function is called by:
		_Mode_0
		_Mode_2
		_Mode_3
		_Mode_4
		_Mode_5
 This function uses a non-reentrant model


 *************** function _timerFunction *****************
 Defined at:
		line 511 in file "../Main Card V10.0.c"
 Parameters:    Size  Location     Type
  intTimerNumb    2    0[BANK0 ] int 
  intSetSecond    2    2[BANK0 ] int 
 Auto vars:     Size  Location     Type
		None
 Return value:  Size  Location     Type
                  1    wreg      unsigned char 
 Registers used:
		wreg, fsr0l, fsr0h, status,2, status,0
 Tracked objects:
		On entry : 
		On exit  : 
		Unchanged: 
 Data sizes:     COMMON   BANK0   BANK1   BANK3   BANK2
      Params:         0       4       0       0       0
      Locals:         0       0       0       0       0
      Temps:          0       1       0       0       0
      Totals:         0       5       0       0       0
Total ram usage:        5 bytes
 Hardware stack levels used:    1
 Hardware stack levels required when called:    2
 This function calls:
		Nothing
 This function is called by:
		_TransiverToReceive
		_TransiverReadFIFO
		_TransmittString
		_LightWithSensController
 This function uses a non-reentrant model


 *************** function _DarknessCheck *****************
 Defined at:
		line 1022 in file "../Main Card V10.0.c"
 Parameters:    Size  Location     Type
		None
 Auto vars:     Size  Location     Type
  darknessValu    1    9[BANK0 ] unsigned char 
 Return value:  Size  Location     Type
                  1    wreg      void 
 Registers used:
		wreg, status,2, status,0, pclath, cstack
 Tracked objects:
		On entry : 
		On exit  : 
		Unchanged: 
 Data sizes:     COMMON   BANK0   BANK1   BANK3   BANK2
      Params:         0       0       0       0       0
      Locals:         0       1       0       0       0
      Temps:          0       1       0       0       0
      Totals:         0       2       0       0       0
Total ram usage:        2 bytes
 Hardware stack levels used:    1
 Hardware stack levels required when called:    4
 This function calls:
		_AnalogValue
		_eeprom_read
 This function is called by:
		_TransmittedDataHandler
		_Mode_1
		_LightWithSensController
 This function uses a non-reentrant model


 *************** function _eeprom_read *****************
 Defined at:
		line 6 in file "C:\Program Files (x86)\Microchip\xc8\v1.40\sources\pic\eeread.c"
 Parameters:    Size  Location     Type
  addr            1    wreg     unsigned char 
 Auto vars:     Size  Location     Type
  addr            1    1[BANK0 ] unsigned char 
 Return value:  Size  Location     Type
                  1    wreg      unsigned char 
 Registers used:
		wreg, status,2, status,0
 Tracked objects:
		On entry : 
		On exit  : 
		Unchanged: 
 Data sizes:     COMMON   BANK0   BANK1   BANK3   BANK2
      Params:         0       0       0       0       0
      Locals:         0       1       0       0       0
      Temps:          0       1       0       0       0
      Totals:         0       2       0       0       0
Total ram usage:        2 bytes
 Hardware stack levels used:    1
 Hardware stack levels required when called:    2
 This function calls:
		Nothing
 This function is called by:
		_TransmittedDataHandler
		_DarknessCheck
 This function uses a non-reentrant model


 *************** function _AnalogValue *****************
 Defined at:
		line 995 in file "../Main Card V10.0.c"
 Parameters:    Size  Location     Type
  channel         1    wreg     unsigned char 
 Auto vars:     Size  Location     Type
  channel         1    7[BANK0 ] unsigned char 
 Return value:  Size  Location     Type
                  1    wreg      unsigned char 
 Registers used:
		wreg, status,2, status,0, pclath, cstack
 Tracked objects:
		On entry : 
		On exit  : 
		Unchanged: 
 Data sizes:     COMMON   BANK0   BANK1   BANK3   BANK2
      Params:         0       0       0       0       0
      Locals:         0       1       0       0       0
      Temps:          0       1       0       0       0
      Totals:         0       2       0       0       0
Total ram usage:        2 bytes
 Hardware stack levels used:    1
 Hardware stack levels required when called:    3
 This function calls:
		_DelayDs
 This function is called by:
		_TransmittedDataHandler
		_DarknessCheck
 This function uses a non-reentrant model


 *************** function _DelayDs *****************
 Defined at:
		line 609 in file "../Main Card V10.0.c"
 Parameters:    Size  Location     Type
  cnt             2    0[BANK0 ] int 
 Auto vars:     Size  Location     Type
  i               2    4[BANK0 ] int 
 Return value:  Size  Location     Type
                  1    wreg      void 
 Registers used:
		wreg, status,2
 Tracked objects:
		On entry : 
		On exit  : 
		Unchanged: 
 Data sizes:     COMMON   BANK0   BANK1   BANK3   BANK2
      Params:         0       2       0       0       0
      Locals:         0       2       0       0       0
      Temps:          0       2       0       0       0
      Totals:         0       6       0       0       0
Total ram usage:        6 bytes
 Hardware stack levels used:    1
 Hardware stack levels required when called:    2
 This function calls:
		Nothing
 This function is called by:
		_TransmittedDataHandler
		_Blink
		_AnalogValue
 This function uses a non-reentrant model


 *************** function _tc_int *****************
 Defined at:
		line 924 in file "../Main Card V10.0.c"
 Parameters:    Size  Location     Type
		None
 Auto vars:     Size  Location     Type
		None
 Return value:  Size  Location     Type
                  1    wreg      void 
 Registers used:
		wreg, fsr0l, fsr0h, status,2, status,0, btemp+1, pclath, cstack
 Tracked objects:
		On entry : 
		On exit  : 
		Unchanged: 
 Data sizes:     COMMON   BANK0   BANK1   BANK3   BANK2
      Params:         0       0       0       0       0
      Locals:         0       0       0       0       0
      Temps:          7       0       0       0       0
      Totals:         7       0       0       0       0
Total ram usage:        7 bytes
 Hardware stack levels used:    1
 Hardware stack levels required when called:    1
 This function calls:
		_TimerCounter
		i1_OperationMode
 This function is called by:
		Interrupt level 1
 This function uses a non-reentrant model


 *************** function i1_OperationMode *****************
 Defined at:
		line 1056 in file "../Main Card V10.0.c"
 Parameters:    Size  Location     Type
		None
 Auto vars:     Size  Location     Type
  OperationMod    1    1[COMMON] unsigned char 
 Return value:  Size  Location     Type
                  1    wreg      unsigned char 
 Registers used:
		wreg, status,2
 Tracked objects:
		On entry : 
		On exit  : 
		Unchanged: 
 Data sizes:     COMMON   BANK0   BANK1   BANK3   BANK2
      Params:         0       0       0       0       0
      Locals:         1       0       0       0       0
      Temps:          1       0       0       0       0
      Totals:         2       0       0       0       0
Total ram usage:        2 bytes
 Hardware stack levels used:    1
 This function calls:
		Nothing
 This function is called by:
		_tc_int
 This function uses a non-reentrant model


 *************** function _TimerCounter *****************
 Defined at:
		line 533 in file "../Main Card V10.0.c"
 Parameters:    Size  Location     Type
		None
 Auto vars:     Size  Location     Type
  i               2    3[COMMON] int 
 Return value:  Size  Location     Type
                  1    wreg      void 
 Registers used:
		wreg, fsr0l, fsr0h, status,2, status,0, btemp+1
 Tracked objects:
		On entry : 
		On exit  : 
		Unchanged: 
 Data sizes:     COMMON   BANK0   BANK1   BANK3   BANK2
      Params:         0       0       0       0       0
      Locals:         2       0       0       0       0
      Temps:          3       0       0       0       0
      Totals:         5       0       0       0       0
Total ram usage:        5 bytes
 Hardware stack levels used:    1
 This function calls:
		Nothing
 This function is called by:
		_tc_int
 This function uses a non-reentrant model



MODULE INFORMATION

Module		Function		Class		Link	Load	Size
C:\Program Files (x86)\Microchip\xc8\v1.40\sources\common\strncmp.c
		_strncmp       		CODE           	0E38	0000	69

C:\Program Files (x86)\Microchip\xc8\v1.40\sources\common\strncmp.c estimated size: 69

../Main Card V10.0.c
		_init          		CODE           	0E7C	0000	84
		_SetRFMode     		CODE           	0F91	0000	112
		_TransmittedDataHandler		CODE           	0048	0000	530
		_Mode_0        		CODE           	0B6B	0000	5
		_TransmittString		CODE           	0443	0000	211
		_Mode_3        		CODE           	0C1F	0000	26
		_ReadFIFO      		CODE           	0BB8	0000	15
		_LightWithSensController		CODE           	0DB7	0000	64
		_timerFunction 		CODE           	0BF8	0000	19
		_DelayDs       		CODE           	0C6C	0000	36
		_TransiverInit 		CODE           	0359	0000	235
		_main          		CODE           	06C9	0000	127
		_AnalogValue   		CODE           	0CD6	0000	42
		_tc_int        		CODE           	0515	0000	205
		_OperationMode 		CODE           	0B88	0000	10
		_Mode_1        		CODE           	0C38	0000	27
		_FindChannel   		CODE           	0259	0000	257
		_Blink         		CODE           	0D84	0000	52
		_Mode_4        		CODE           	0BD6	0000	18
		_WriteFIFO     		CODE           	0B91	0000	13
		_TransiverToReceive		CODE           	0ECF	0000	93
		_TimerCounter  		CODE           	0DF6	0000	67
		_TransiverReadFIFO		CODE           	0F2B	0000	103
		_RegisterSet   		CODE           	0C52	0000	27
		_Mode_2        		CODE           	0B9D	0000	14
		_RegisterRead  		CODE           	05E1	0000	29
		_Mode_5        		CODE           	0BE7	0000	18
		_DarknessCheck 		CODE           	0CFF	0000	42
		_WriteSPI      		CODE           	0BAA	0000	15
		_ReadSPI       		CODE           	0B6F	0000	9

../Main Card V10.0.c estimated size: 2505

C:\Program Files (x86)\Microchip\xc8\v1.40\sources\common\strstr.c
		_strstr        		CODE           	07B8	0000	71

C:\Program Files (x86)\Microchip\xc8\v1.40\sources\common\strstr.c estimated size: 71

C:\Program Files (x86)\Microchip\xc8\v1.40\sources\common\Umul16.c
		___wmul        		CODE           	0C8F	0000	36

C:\Program Files (x86)\Microchip\xc8\v1.40\sources\common\Umul16.c estimated size: 36

C:\Program Files (x86)\Microchip\xc8\v1.40\sources\pic\eeread.c
		_eeprom_read   		CODE           	0CB2	0000	37

C:\Program Files (x86)\Microchip\xc8\v1.40\sources\pic\eeread.c estimated size: 37

C:\Program Files (x86)\Microchip\xc8\v1.40\sources\common\isdigit.c
		_isdigit       		CODE           	0BC6	0000	17

C:\Program Files (x86)\Microchip\xc8\v1.40\sources\common\isdigit.c estimated size: 17

shared
		__stringtab    		STRING         	0600	0000	17
		__initialization		CODE           	0015	0000	48
		i1_OperationMode		CODE           	0B7F	0000	10
		_ChannelP      		STRING         	0610	0000	14
		_ChannelR      		STRING         	061D	0000	14
		_ChannelS      		STRING         	062A	0000	14

shared estimated size: 117

C:\Program Files (x86)\Microchip\xc8\v1.40\sources\common\atoi.c
		_atoi          		CODE           	0747	0000	114

C:\Program Files (x86)\Microchip\xc8\v1.40\sources\common\atoi.c estimated size: 114

C:\Program Files (x86)\Microchip\xc8\v1.40\sources\pic\eewrite.c
		_eeprom_write  		CODE           	0D54	0000	49

C:\Program Files (x86)\Microchip\xc8\v1.40\sources\pic\eewrite.c estimated size: 49

C:\Program Files (x86)\Microchip\xc8\v1.40\sources\common\strlen.c
		_strlen        		CODE           	0D28	0000	45

C:\Program Files (x86)\Microchip\xc8\v1.40\sources\common\strlen.c estimated size: 45

C:\Program Files (x86)\Microchip\xc8\v1.40\sources\common\strchr.c
		_strchr        		CODE           	0C0A	0000	22

C:\Program Files (x86)\Microchip\xc8\v1.40\sources\common\strchr.c estimated size: 22

